// Jest Snapshot v1, https://goo.gl/fbAQLP

exports[`ActionForm test Displays ActionForm without Crashing 1`] = `null`;
