// Jest Snapshot v1, https://goo.gl/fbAQLP

exports[`Displays PageLayout without Crashing 1`] = `
<section>
  <div
    className="container"
  >
    <div
      className="row"
    >
      <div
        className="col-md-8 col-xs-0"
      >
        <img
          className="img-responsive img-thumbnail"
          src="dreams.jpg"
          style={
            Object {
              "maxHeight": 460,
            }
          }
        />
      </div>
      <div
        className="col-md-4 col-xs-12"
      >
        <form
          onSubmit={[Function]}
        >
          <h3>
             Start Following your Dreams 
          </h3>
          <p>
             It's Good and Free for good! 
          </p>
          <div
            className="form-group has-feedback"
          >
            <div
              className="form-group"
            >
              <span
                className="input-group"
              >
                <span
                  className="input-group-btn"
                >
                  <button
                    className="btn btn-default"
                    disabled={false}
                    style={
                      Object {
                        "maxHeight": 34,
                        "width": 150,
                      }
                    }
                    type="button"
                  >
                    <label
                      className="control-label"
                      htmlFor={undefined}
                    >
                      Username
                    </label>
                  </button>
                </span>
                <input
                  className="form-control"
                  placeholder="Enter Username"
                  required={true}
                  type="text"
                />
              </span>
            </div>
            <div
              className="form-group"
            >
              <span
                className="input-group"
              >
                <span
                  className="input-group-btn"
                >
                  <button
                    className="btn btn-default"
                    disabled={false}
                    style={
                      Object {
                        "maxHeight": 34,
                        "width": 150,
                      }
                    }
                    type="button"
                  >
                    <label
                      className="control-label"
                      htmlFor={undefined}
                    >
                      Email
                    </label>
                  </button>
                </span>
                <input
                  className="form-control"
                  placeholder="youremail@yourdomain.com"
                  required={true}
                  type="email"
                />
              </span>
            </div>
            <div
              className="form-group has-feedback"
            >
              <span
                className="input-group"
              >
                <span
                  className="input-group-btn"
                >
                  <button
                    className="btn btn-default"
                    disabled={false}
                    style={
                      Object {
                        "maxHeight": 34,
                        "width": 150,
                      }
                    }
                    type="button"
                  >
                    <label
                      className="control-label"
                      htmlFor="formBasicText"
                    >
                      Password
                    </label>
                  </button>
                </span>
                <input
                  className="form-control"
                  onChange={[Function]}
                  placeholder="Enter Password"
                  type="password"
                  value=""
                />
              </span>
              <span
                className="help-block"
                style={
                  Object {
                    "fontSize": 10,
                  }
                }
              />
            </div>
            <div
              className="form-group has-feedback"
            >
              <span
                className="input-group"
              >
                <span
                  className="input-group-btn"
                >
                  <button
                    className="btn btn-default"
                    disabled={false}
                    style={
                      Object {
                        "maxHeight": 34,
                        "width": 150,
                      }
                    }
                    type="button"
                  >
                    <label
                      className="control-label"
                      htmlFor="formBasicText"
                    >
                      Confirm Password
                    </label>
                  </button>
                </span>
                <input
                  className="form-control"
                  onChange={[Function]}
                  placeholder="Enter Password"
                  type="password"
                  value=""
                />
              </span>
              <span
                className="help-block"
                style={
                  Object {
                    "fontSize": 10,
                  }
                }
              />
            </div>
          </div>
          <div
            className="form-group"
          >
            <span
              className="input-group"
            >
              <div
                className="btn-toolbar"
                role="toolbar"
              >
                <div
                  className="btn-group"
                >
                  <input
                    className="btn btn-success"
                    style={
                      Object {
                        "maxHeight": 34,
                        "width": 150,
                      }
                    }
                    type="submit"
                    value="Signup"
                  />
                </div>
                <div
                  className="btn-group"
                >
                  <button
                    className="btn btn-default"
                    disabled={false}
                    type="button"
                  >
                    <svg
                      fill="currentColor"
                      height="1em"
                      preserveAspectRatio="xMidYMid meet"
                      style={
                        Object {
                          "color": undefined,
                          "verticalAlign": "middle",
                        }
                      }
                      viewBox="0 0 40 40"
                      width="1em"
                    >
                      <g>
                        <path
                          d="m29.4 0.3v5.9h-3.5q-1.9 0-2.6 0.8t-0.7 2.4v4.2h6.6l-0.9 6.6h-5.7v16.9h-6.8v-16.9h-5.7v-6.6h5.7v-4.9q0-4.1 2.3-6.4t6.2-2.3q3.3 0 5.1 0.3z"
                        />
                      </g>
                    </svg>
                  </button>
                  <button
                    className="btn btn-default"
                    disabled={false}
                    type="button"
                  >
                    <svg
                      fill="currentColor"
                      height="1em"
                      preserveAspectRatio="xMidYMid meet"
                      style={
                        Object {
                          "color": undefined,
                          "verticalAlign": "middle",
                        }
                      }
                      viewBox="0 0 40 40"
                      width="1em"
                    >
                      <g>
                        <path
                          d="m37.7 9.1q-1.5 2.2-3.7 3.7 0.1 0.3 0.1 1 0 2.9-0.9 5.8t-2.6 5.5-4.1 4.7-5.7 3.3-7.2 1.2q-6.1 0-11.1-3.3 0.8 0.1 1.7 0.1 5 0 9-3-2.4-0.1-4.2-1.5t-2.6-3.5q0.8 0.1 1.4 0.1 1 0 1.9-0.3-2.5-0.5-4.1-2.5t-1.7-4.6v0q1.5 0.8 3.3 0.9-1.5-1-2.4-2.6t-0.8-3.4q0-2 0.9-3.7 2.7 3.4 6.6 5.4t8.3 2.2q-0.2-0.9-0.2-1.7 0-3 2.1-5.1t5.1-2.1q3.2 0 5.3 2.3 2.4-0.5 4.6-1.7-0.8 2.5-3.2 3.9 2.1-0.2 4.2-1.1z"
                        />
                      </g>
                    </svg>
                  </button>
                  <button
                    className="btn btn-default"
                    disabled={false}
                    type="button"
                  >
                    <svg
                      fill="currentColor"
                      height="1em"
                      preserveAspectRatio="xMidYMid meet"
                      style={
                        Object {
                          "color": undefined,
                          "verticalAlign": "middle",
                        }
                      }
                      viewBox="0 0 40 40"
                      width="1em"
                    >
                      <g>
                        <path
                          d="m20.1 17.5h16.2q0.3 1.5 0.3 2.9 0 4.8-2 8.7t-5.8 5.9-8.7 2.1q-3.5 0-6.6-1.3t-5.5-3.7-3.7-5.4-1.3-6.7 1.3-6.7 3.7-5.4 5.5-3.7 6.6-1.3q6.7 0 11.5 4.4l-4.6 4.5q-2.8-2.6-6.9-2.6-2.8 0-5.3 1.4t-3.9 4-1.4 5.4 1.4 5.4 3.9 4 5.3 1.4q2 0 3.6-0.5t2.7-1.3 1.8-1.9 1.2-1.9 0.5-1.8h-9.8v-5.9z"
                        />
                      </g>
                    </svg>
                  </button>
                  <button
                    className="btn btn-default"
                    disabled={false}
                    type="button"
                  >
                    <svg
                      fill="currentColor"
                      height="1em"
                      preserveAspectRatio="xMidYMid meet"
                      style={
                        Object {
                          "color": undefined,
                          "verticalAlign": "middle",
                        }
                      }
                      viewBox="0 0 40 40"
                      width="1em"
                    >
                      <g>
                        <path
                          d="m20.1 2.9q4.7 0 8.6 2.3t6.3 6.2 2.3 8.6q0 5.6-3.3 10.1t-8.4 6.2q-0.6 0.1-0.9-0.2t-0.3-0.7q0 0 0-1.7t0-3q0-2.1-1.2-3.1 1.3-0.2 2.3-0.4t2.1-0.9 1.8-1.5 1.2-2.3 0.5-3.4q0-2.7-1.8-4.6 0.8-2-0.2-4.5-0.6-0.2-1.8 0.2t-2 1l-0.9 0.5q-2-0.6-4.3-0.6t-4.2 0.6q-0.4-0.2-1-0.6t-1.9-0.8-1.9-0.3q-1 2.5-0.1 4.5-1.8 1.9-1.8 4.6 0 1.9 0.5 3.4t1.1 2.3 1.8 1.5 2.1 0.9 2.3 0.4q-0.9 0.8-1.1 2.3-0.4 0.2-1 0.3t-1.3 0.1-1.4-0.5-1.3-1.4q-0.4-0.7-1-1.1t-1.1-0.6l-0.5 0q-0.5 0-0.6 0.1t-0.1 0.2 0.2 0.3 0.2 0.3l0.2 0.1q0.5 0.2 1 0.9t0.7 1.1l0.2 0.5q0.3 0.9 1 1.4t1.5 0.7 1.5 0.1 1.3-0.1l0.5 0q0 0.8 0 1.9t0 1.2q0 0.5-0.3 0.7t-0.9 0.2q-5.2-1.7-8.4-6.2t-3.3-10.1q0-4.7 2.3-8.6t6.2-6.2 8.6-2.3z m-10.6 24.6q0.1-0.2-0.2-0.3-0.2-0.1-0.2 0.1-0.1 0.1 0.1 0.2 0.2 0.2 0.3 0z m0.7 0.7q0.1-0.1-0.1-0.3-0.2-0.2-0.3-0.1-0.2 0.1 0 0.4 0.3 0.2 0.4 0z m0.7 1q0.2-0.1 0-0.4-0.2-0.3-0.4-0.1-0.2 0.1 0 0.4t0.4 0.1z m0.9 1q0.2-0.2-0.1-0.4-0.3-0.3-0.4-0.1-0.2 0.2 0 0.4 0.3 0.3 0.5 0.1z m1.3 0.5q0-0.2-0.3-0.3-0.4-0.1-0.4 0.1t0.2 0.4q0.4 0.1 0.5-0.2z m1.4 0.1q0-0.2-0.4-0.2-0.4 0-0.4 0.2 0 0.3 0.4 0.3 0.4 0 0.4-0.3z m1.3-0.2q-0.1-0.2-0.4-0.2-0.4 0.1-0.3 0.4t0.4 0.1 0.3-0.3z"
                        />
                      </g>
                    </svg>
                  </button>
                  <button
                    className="btn btn-default"
                    disabled={false}
                    type="button"
                  >
                    <svg
                      fill="currentColor"
                      height="1em"
                      preserveAspectRatio="xMidYMid meet"
                      style={
                        Object {
                          "color": undefined,
                          "verticalAlign": "middle",
                        }
                      }
                      viewBox="0 0 40 40"
                      width="1em"
                    >
                      <g>
                        <path
                          d="m10.8 13.9v22.2h-7.4v-22.1h7.4z m0.5-6.8q0 1.7-1.2 2.7t-3 1.1h0q-1.9 0-3-1.1t-1.1-2.7q0-1.6 1.2-2.7t3-1.1 2.9 1.1 1.2 2.7z m26 16.3v12.7h-7.4v-11.9q0-2.3-0.9-3.6t-2.8-1.4q-1.4 0-2.3 0.8t-1.5 1.9q-0.2 0.7-0.2 1.8v12.4h-7.3q0-8.9 0-14.5t0-6.6l0-1h7.3v3.2h-0.1q0.5-0.7 1-1.3t1.2-1.1 2-1 2.5-0.4q3.8 0 6.2 2.6t2.3 7.4z"
                        />
                      </g>
                    </svg>
                  </button>
                </div>
              </div>
            </span>
            <span
              className="help-block"
            >
              - Login or Signup with your social network by clicking on it.
            </span>
            <span
              className="help-block"
            >
              - By signing up, you agree to our terms and condtions.
            </span>
          </div>
        </form>
      </div>
    </div>
  </div>
</section>
`;
