// Jest Snapshot v1, https://goo.gl/fbAQLP

exports[`Displays Bucketlist without Crashing 1`] = `
<div>
  <table
    className="table"
  >
    <thead>
      <tr>
        <th>
          Your Bucketlists
        </th>
        <th>
          <button
            className="btn btn-success btn-xs"
            onClick={[Function]}
          >
            Create New
          </button>
        </th>
      </tr>
    </thead>
    <tbody>
      <tr>
        <td>
          No Bucketlists -
        </td>
        <td>
          Start by creating some.
        </td>
      </tr>
      <tr>
        <td>
          <br />
        </td>
        <td>
          <br />
        </td>
      </tr>
    </tbody>
  </table>
</div>
`;
